[INFO] Scanning for projects...
[INFO] 
[INFO] ----------------------< com.seproject:inventory >-----------------------
[INFO] Building  0.0.1-SNAPSHOT
[INFO]   from pom.xml
[INFO] --------------------------------[ jar ]---------------------------------
[INFO] 
[INFO] --- resources:3.3.1:resources (default-resources) @ inventory ---
[INFO] Copying 1 resource from src\main\resources to target\classes
[INFO] Copying 6 resources from src\main\resources to target\classes
[INFO] 
[INFO] --- compiler:3.14.1:compile (default-compile) @ inventory ---
[INFO] Nothing to compile - all classes are up to date.
[INFO] 
[INFO] --- resources:3.3.1:testResources (default-testResources) @ inventory ---
[INFO] Copying 1 resource from src\test\resources to target\test-classes
[INFO] 
[INFO] --- compiler:3.14.1:testCompile (default-testCompile) @ inventory ---
[INFO] Nothing to compile - all classes are up to date.
[INFO] 
[INFO] --- surefire:3.5.5:test (default-test) @ inventory ---
[INFO] Using auto detected provider org.apache.maven.surefire.junitplatform.JUnitPlatformProvider
[INFO] 
[INFO] -------------------------------------------------------
[INFO]  T E S T S
[INFO] -------------------------------------------------------
[INFO] Running com.seproject.inventory.controller.InventoryControllerIntegrationTest
13:45:02.785 [main] INFO org.springframework.test.context.support.AnnotationConfigContextLoaderUtils -- Could not detect default configuration classes for test class [com.seproject.inventory.controller.InventoryControllerIntegrationTest]: InventoryControllerIntegrationTest does not declare any static, non-private, non-final, nested classes annotated with @Configuration.
13:45:02.939 [main] INFO org.springframework.boot.test.context.SpringBootTestContextBootstrapper -- Found @SpringBootConfiguration com.seproject.inventory.InventoryApplication for test class com.seproject.inventory.controller.InventoryControllerIntegrationTest
13:45:03.043 [main] INFO org.springframework.test.context.support.AnnotationConfigContextLoaderUtils -- Could not detect default configuration classes for test class [com.seproject.inventory.controller.InventoryControllerIntegrationTest]: InventoryControllerIntegrationTest does not declare any static, non-private, non-final, nested classes annotated with @Configuration.
13:45:03.046 [main] INFO org.springframework.boot.test.context.SpringBootTestContextBootstrapper -- Found @SpringBootConfiguration com.seproject.inventory.InventoryApplication for test class com.seproject.inventory.controller.InventoryControllerIntegrationTest
13:45:03.156 [main] INFO org.springframework.boot.devtools.restart.RestartApplicationListener -- Restart disabled due to context in which it is running

  .   ____          _            __ _ _
 /\\ / ___'_ __ _ _(_)_ __  __ _ \ \ \ \
( ( )\___ | '_ | '_| | '_ \/ _` | \ \ \ \
 \\/  ___)| |_)| | | | | || (_| |  ) ) ) )
  '  |____| .__|_| |_|_| |_\__, | / / / /
 =========|_|==============|___/=/_/_/_/

 :: Spring Boot ::                (v4.0.4)

2026-03-29T13:45:03.445+06:00  INFO 22048 --- [inventory] [           main] s.i.c.InventoryControllerIntegrationTest : Starting InventoryControllerIntegrationTest using Java 25.0.2 with PID 22048 (started by Shaila in D:\inventory)
2026-03-29T13:45:03.447+06:00  INFO 22048 --- [inventory] [           main] s.i.c.InventoryControllerIntegrationTest : The following 1 profile is active: "test"
2026-03-29T13:45:04.622+06:00  INFO 22048 --- [inventory] [           main] .s.d.r.c.RepositoryConfigurationDelegate : Bootstrapping Spring Data JPA repositories in DEFAULT mode.
2026-03-29T13:45:04.708+06:00  INFO 22048 --- [inventory] [           main] .s.d.r.c.RepositoryConfigurationDelegate : Finished Spring Data repository scanning in 72 ms. Found 4 JPA repository interfaces.
2026-03-29T13:45:05.560+06:00  INFO 22048 --- [inventory] [           main] org.hibernate.orm.jpa                    : HHH008540: Processing PersistenceUnitInfo [name: default]
2026-03-29T13:45:05.642+06:00  INFO 22048 --- [inventory] [           main] org.hibernate.orm.core                   : HHH000001: Hibernate ORM core version 7.2.7.Final
2026-03-29T13:45:06.619+06:00  INFO 22048 --- [inventory] [           main] o.s.o.j.p.SpringPersistenceUnitInfo      : No LoadTimeWeaver setup: ignoring JPA class transformer
2026-03-29T13:45:06.665+06:00  INFO 22048 --- [inventory] [           main] com.zaxxer.hikari.HikariDataSource       : HikariPool-1 - Starting...
2026-03-29T13:45:06.951+06:00  INFO 22048 --- [inventory] [           main] com.zaxxer.hikari.pool.HikariPool        : HikariPool-1 - Added connection conn0: url=jdbc:h2:mem:aa814236-a4b8-4695-8ac5-88fc9b1f29a5 user=SA
2026-03-29T13:45:06.953+06:00  INFO 22048 --- [inventory] [           main] com.zaxxer.hikari.HikariDataSource       : HikariPool-1 - Start completed.
2026-03-29T13:45:06.986+06:00  WARN 22048 --- [inventory] [           main] org.hibernate.orm.deprecation            : HHH90000025: H2Dialect does not need to be specified explicitly using 'hibernate.dialect' (remove the property setting and it will be selected by default)
2026-03-29T13:45:07.021+06:00  INFO 22048 --- [inventory] [           main] org.hibernate.orm.connections.pooling    : HHH10001005: Database info:
	Database JDBC URL [jdbc:h2:mem:aa814236-a4b8-4695-8ac5-88fc9b1f29a5]
	Database driver: H2 JDBC Driver
	Database dialect: H2Dialect
	Database version: 2.4.240
	Default catalog/schema: AA814236-A4B8-4695-8AC5-88FC9B1F29A5/PUBLIC
	Autocommit mode: undefined/unknown
	Isolation level: READ_COMMITTED [default READ_COMMITTED]
	JDBC fetch size: 100
	Pool: DataSourceConnectionProvider
	Minimum pool size: undefined/unknown
	Maximum pool size: undefined/unknown
2026-03-29T13:45:08.146+06:00  INFO 22048 --- [inventory] [           main] org.hibernate.orm.core                   : HHH000489: No JTA platform available (set 'hibernate.transaction.jta.platform' to enable JTA platform integration)
2026-03-29T13:45:08.211+06:00  INFO 22048 --- [inventory] [           main] j.LocalContainerEntityManagerFactoryBean : Initialized JPA EntityManagerFactory for persistence unit 'default'
2026-03-29T13:45:08.370+06:00  INFO 22048 --- [inventory] [           main] o.s.d.j.r.query.QueryEnhancerFactories   : Hibernate is in classpath; If applicable, HQL parser will be used.
2026-03-29T13:45:08.745+06:00  INFO 22048 --- [inventory] [           main] r$InitializeUserDetailsManagerConfigurer : Global AuthenticationManager configured with UserDetailsService bean with name customUserDetailsService
2026-03-29T13:45:10.159+06:00  INFO 22048 --- [inventory] [           main] s.i.c.InventoryControllerIntegrationTest : Started InventoryControllerIntegrationTest in 7.015 seconds (process running for 8.311)
2026-03-29T13:45:10.947+06:00  INFO 22048 --- [inventory] [           main] c.s.inventory.config.DataInitializer     : Default roles initialized
.\mvnw : Mockito is currently self-attaching to enable the inline-mock-maker. This will no longer work in future releases of the JDK. Please add 
Mockito as an agent to your build as described in Mockito's documentation: 
https://javadoc.io/doc/org.mockito/mockito-core/latest/org.mockito/org/mockito/Mockito.html#0.3
At line:1 char:18
+ cd D:\inventory; .\mvnw test > test_output.txt 2>&1; Get-Content test ...
+                  ~~~~~~~~~~~~~~~~~~~~~~~~~~~~~~~~~~
    + CategoryInfo          : NotSpecified: (Mockito is curr...ockito.html#0.3:String) [], RemoteException
    + FullyQualifiedErrorId : NativeCommandError
 
OpenJDK 64-Bit Server VM warning: Sharing is only supported for boot loader classes because bootstrap classpath has been appended
WARNING: A Java agent has been loaded dynamically 
(C:\Users\Shaila\.m2\repository\net\bytebuddy\byte-buddy-agent\1.17.8\byte-buddy-agent-1.17.8.jar)
WARNING: If a serviceability tool is in use, please run with -XX:+EnableDynamicAgentLoading to hide this warning
WARNING: If a serviceability tool is not in use, please run with -Djdk.instrument.traceUsage for more information
WARNING: Dynamic loading of agents will be disallowed by default in a future release
2026-03-29T13:45:11.568+06:00  INFO 22048 --- [inventory] [           main] o.s.b.t.m.w.SpringBootMockServletContext : Initializing Spring TestDispatcherServlet ''
2026-03-29T13:45:11.568+06:00  INFO 22048 --- [inventory] [           main] o.s.t.web.servlet.TestDispatcherServlet  : Initializing Servlet ''
2026-03-29T13:45:11.570+06:00  INFO 22048 --- [inventory] [           main] o.s.t.web.servlet.TestDispatcherServlet  : Completed initialization in 1 ms
2026-03-29T13:45:11.830+06:00  INFO 22048 --- [inventory] [           main] o.s.b.t.m.w.SpringBootMockServletContext : Initializing Spring TestDispatcherServlet ''
2026-03-29T13:45:11.830+06:00  INFO 22048 --- [inventory] [           main] o.s.t.web.servlet.TestDispatcherServlet  : Initializing Servlet ''
2026-03-29T13:45:11.833+06:00  INFO 22048 --- [inventory] [           main] o.s.t.web.servlet.TestDispatcherServlet  : Completed initialization in 2 ms
2026-03-29T13:45:12.020+06:00  INFO 22048 --- [inventory] [           main] o.s.b.t.m.w.SpringBootMockServletContext : Initializing Spring TestDispatcherServlet ''
2026-03-29T13:45:12.021+06:00  INFO 22048 --- [inventory] [           main] o.s.t.web.servlet.TestDispatcherServlet  : Initializing Servlet ''
2026-03-29T13:45:12.023+06:00  INFO 22048 --- [inventory] [           main] o.s.t.web.servlet.TestDispatcherServlet  : Completed initialization in 2 ms
2026-03-29T13:45:12.060+06:00  INFO 22048 --- [inventory] [           main] o.s.b.t.m.w.SpringBootMockServletContext : Initializing Spring TestDispatcherServlet ''
2026-03-29T13:45:12.060+06:00  INFO 22048 --- [inventory] [           main] o.s.t.web.servlet.TestDispatcherServlet  : Initializing Servlet ''
2026-03-29T13:45:12.061+06:00  INFO 22048 --- [inventory] [           main] o.s.t.web.servlet.TestDispatcherServlet  : Completed initialization in 1 ms
[INFO] Tests run: 4, Failures: 0, Errors: 0, Skipped: 0, Time elapsed: 9.546 s -- in com.seproject.inventory.controller.InventoryControllerIntegrationTest
[INFO] Running com.seproject.inventory.InventoryApplicationTests
2026-03-29T13:45:12.126+06:00  INFO 22048 --- [inventory] [           main] t.c.s.AnnotationConfigContextLoaderUtils : Could not detect default configuration classes for test class [com.seproject.inventory.InventoryApplicationTests]: InventoryApplicationTests does not declare any static, non-private, non-final, nested classes annotated with @Configuration.
2026-03-29T13:45:12.145+06:00  INFO 22048 --- [inventory] [           main] .b.t.c.SpringBootTestContextBootstrapper : Found @SpringBootConfiguration com.seproject.inventory.InventoryApplication for test class com.seproject.inventory.InventoryApplicationTests
2026-03-29T13:45:12.146+06:00  INFO 22048 --- [inventory] [           main] t.c.s.AnnotationConfigContextLoaderUtils : Could not detect default configuration classes for test class [com.seproject.inventory.InventoryApplicationTests]: InventoryApplicationTests does not declare any static, non-private, non-final, nested classes annotated with @Configuration.
2026-03-29T13:45:12.148+06:00  INFO 22048 --- [inventory] [           main] .b.t.c.SpringBootTestContextBootstrapper : Found @SpringBootConfiguration com.seproject.inventory.InventoryApplication for test class com.seproject.inventory.InventoryApplicationTests
2026-03-29T13:45:12.160+06:00  INFO 22048 --- [inventory] [           main] o.s.b.d.r.RestartApplicationListener     : Restart disabled due to context in which it is running

  .   ____          _            __ _ _
 /\\ / ___'_ __ _ _(_)_ __  __ _ \ \ \ \
( ( )\___ | '_ | '_| | '_ \/ _` | \ \ \ \
 \\/  ___)| |_)| | | | | || (_| |  ) ) ) )
  '  |____| .__|_| |_|_| |_\__, | / / / /
 =========|_|==============|___/=/_/_/_/

 :: Spring Boot ::                (v4.0.4)

2026-03-29T13:45:12.202+06:00  INFO 22048 --- [inventory] [           main] c.s.inventory.InventoryApplicationTests  : Starting InventoryApplicationTests using Java 25.0.2 with PID 22048 (started by Shaila in D:\inventory)
2026-03-29T13:45:12.203+06:00  INFO 22048 --- [inventory] [           main] c.s.inventory.InventoryApplicationTests  : The following 1 profile is active: "test"
2026-03-29T13:45:12.504+06:00  INFO 22048 --- [inventory] [           main] .s.d.r.c.RepositoryConfigurationDelegate : Bootstrapping Spring Data JPA repositories in DEFAULT mode.
2026-03-29T13:45:12.528+06:00  INFO 22048 --- [inventory] [           main] .s.d.r.c.RepositoryConfigurationDelegate : Finished Spring Data repository scanning in 21 ms. Found 4 JPA repository interfaces.
2026-03-29T13:45:12.649+06:00  INFO 22048 --- [inventory] [           main] o.s.j.d.e.EmbeddedDatabaseFactory        : Starting embedded database: url='jdbc:h2:mem:inventorydb;DB_CLOSE_DELAY=-1;DB_CLOSE_ON_EXIT=false', username='sa'
2026-03-29T13:45:12.694+06:00  INFO 22048 --- [inventory] [           main] org.hibernate.orm.jpa                    : HHH008540: Processing PersistenceUnitInfo [name: default]
2026-03-29T13:45:12.744+06:00  INFO 22048 --- [inventory] [           main] o.s.o.j.p.SpringPersistenceUnitInfo      : No LoadTimeWeaver setup: ignoring JPA class transformer
2026-03-29T13:45:12.746+06:00  WARN 22048 --- [inventory] [           main] org.hibernate.orm.deprecation            : HHH90000025: H2Dialect does not need to be specified explicitly using 'hibernate.dialect' (remove the property setting and it will be selected by default)
2026-03-29T13:45:12.747+06:00  INFO 22048 --- [inventory] [           main] org.hibernate.orm.connections.pooling    : HHH10001005: Database info:
	Database JDBC URL [jdbc:h2:mem:inventorydb]
	Database driver: H2 JDBC Driver
	Database dialect: H2Dialect
	Database version: 2.4.240
	Default catalog/schema: INVENTORYDB/PUBLIC
	Autocommit mode: undefined/unknown
	Isolation level: READ_COMMITTED [default READ_COMMITTED]
	JDBC fetch size: 100
	Pool: DataSourceConnectionProvider
	Minimum pool size: undefined/unknown
	Maximum pool size: undefined/unknown
2026-03-29T13:45:12.864+06:00  INFO 22048 --- [inventory] [           main] org.hibernate.orm.core                   : HHH000489: No JTA platform available (set 'hibernate.transaction.jta.platform' to enable JTA platform integration)
2026-03-29T13:45:12.892+06:00  INFO 22048 --- [inventory] [           main] j.LocalContainerEntityManagerFactoryBean : Initialized JPA EntityManagerFactory for persistence unit 'default'
2026-03-29T13:45:12.981+06:00  INFO 22048 --- [inventory] [           main] r$InitializeUserDetailsManagerConfigurer : Global AuthenticationManager configured with UserDetailsService bean with name customUserDetailsService
2026-03-29T13:45:13.404+06:00  INFO 22048 --- [inventory] [           main] c.s.inventory.InventoryApplicationTests  : Started InventoryApplicationTests in 1.245 seconds (process running for 11.556)
2026-03-29T13:45:13.438+06:00  INFO 22048 --- [inventory] [           main] c.s.inventory.config.DataInitializer     : Default roles initialized
[INFO] Tests run: 1, Failures: 0, Errors: 0, Skipped: 0, Time elapsed: 1.325 s -- in com.seproject.inventory.InventoryApplicationTests
[INFO] Running com.seproject.inventory.service.impl.OrderServiceImplTest
[INFO] Tests run: 7, Failures: 0, Errors: 0, Skipped: 0, Time elapsed: 0.501 s -- in com.seproject.inventory.service.impl.OrderServiceImplTest
[INFO] Running com.seproject.inventory.service.impl.ProductServiceImplTest
[INFO] Tests run: 6, Failures: 0, Errors: 0, Skipped: 0, Time elapsed: 0.031 s -- in com.seproject.inventory.service.impl.ProductServiceImplTest
[INFO] Running com.seproject.inventory.service.impl.UserServiceImplTest
[INFO] Tests run: 5, Failures: 0, Errors: 0, Skipped: 0, Time elapsed: 0.137 s -- in com.seproject.inventory.service.impl.UserServiceImplTest
[INFO] 
[INFO] Results:
[INFO] 
[INFO] Tests run: 23, Failures: 0, Errors: 0, Skipped: 0
[INFO] 
[INFO] ------------------------------------------------------------------------
[INFO] BUILD SUCCESS
[INFO] ------------------------------------------------------------------------
[INFO] Total time:  14.556 s
[INFO] Finished at: 2026-03-29T13:45:14+06:00
[INFO] ------------------------------------------------------------------------
